Archive member included to satisfy reference by file (symbol)

/usr/lib/gcc/avr/5.4.0/avr4/libgcc.a(_exit.o)
                              /usr/lib/gcc/avr/5.4.0/../../../avr/lib/avr4/crtatmega8.o (exit)
/usr/lib/gcc/avr/5.4.0/avr4/libgcc.a(_copy_data.o)
                              ./comandos.o (__do_copy_data)
/usr/lib/gcc/avr/5.4.0/avr4/libgcc.a(_clear_bss.o)
                              ./USART.o (__do_clear_bss)
/usr/lib/gcc/avr/5.4.0/../../../avr/lib/avr4/libc.a(sprintf.o)
                              ./comandos.o (sprintf)
/usr/lib/gcc/avr/5.4.0/../../../avr/lib/avr4/libc.a(vfprintf_std.o)
                              /usr/lib/gcc/avr/5.4.0/../../../avr/lib/avr4/libc.a(sprintf.o) (vfprintf)
/usr/lib/gcc/avr/5.4.0/../../../avr/lib/avr4/libc.a(strnlen_P.o)
                              /usr/lib/gcc/avr/5.4.0/../../../avr/lib/avr4/libc.a(vfprintf_std.o) (strnlen_P)
/usr/lib/gcc/avr/5.4.0/../../../avr/lib/avr4/libc.a(strnlen.o)
                              /usr/lib/gcc/avr/5.4.0/../../../avr/lib/avr4/libc.a(vfprintf_std.o) (strnlen)
/usr/lib/gcc/avr/5.4.0/../../../avr/lib/avr4/libc.a(fputc.o)
                              /usr/lib/gcc/avr/5.4.0/../../../avr/lib/avr4/libc.a(vfprintf_std.o) (fputc)
/usr/lib/gcc/avr/5.4.0/../../../avr/lib/avr4/libc.a(ultoa_invert.o)
                              /usr/lib/gcc/avr/5.4.0/../../../avr/lib/avr4/libc.a(vfprintf_std.o) (__ultoa_invert)
/usr/lib/gcc/avr/5.4.0/avr4/libgcc.a(_prologue.o)
                              /usr/lib/gcc/avr/5.4.0/../../../avr/lib/avr4/libc.a(sprintf.o) (__prologue_saves__)
/usr/lib/gcc/avr/5.4.0/avr4/libgcc.a(_epilogue.o)
                              /usr/lib/gcc/avr/5.4.0/../../../avr/lib/avr4/libc.a(sprintf.o) (__epilogue_restores__)

Allocating common symbols
Common symbol       size              file

Duty_directo        0x1               ./gen_pulsos.o
contador_comando    0x1               ./main.o
uContTimeoutEsperaUSART0
                    0x2               ./USART.o
uchEstaDOR0ecepcionUSART0
                    0x1               ./USART.o
cont_muerto_a       0x1               ./gen_pulsos.o
chBUFFERx_USART0    0x1e              ./USART.o
valor_comando       0x1               ./main.o
uchEstadoBUFFERx_USART0
                    0x1               ./USART.o
fl_caracter_recibido
                    0x1               ./comandos.o
t_inverso           0x1               ./gen_pulsos.o
uchContAuxTx_USART0
                    0x1               ./USART.o
uContTimeoutLecturaRxUSART0
                    0x2               ./USART.o
uContTimeoutRxUSART0
                    0x2               ./USART.o
t_directo           0x1               ./gen_pulsos.o
Duty_inverso        0x1               ./gen_pulsos.o
cont_muerto_b       0x1               ./gen_pulsos.o
cont_directo        0x1               ./gen_pulsos.o
uchEstadoBUFFERTx_USART0
                    0x1               ./USART.o
t_muerto_b          0x1               ./gen_pulsos.o
uContTimeoutTxUSART0
                    0x2               ./USART.o
uContTimeoutUSART0  0x2               ./USART.o
uchContAuxRx_USART0
                    0x1               ./USART.o
estado_gen_pulsos   0x1               ./gen_pulsos.o
uchEstadoTransmisionUSART0
                    0x1               ./USART.o
texto_usart         0x14              ./comandos.o
caracter_uart       0x1               ./comandos.o
id_comando          0x1               ./main.o
chBufferTx_USART0   0x1e              ./USART.o
cont_inverso        0x1               ./gen_pulsos.o
t_muerto_a          0x1               ./gen_pulsos.o

Memory Configuration

Name             Origin             Length             Attributes
text             0x0000000000000000 0x0000000000002000 xr
data             0x0000000000800060 0x000000000000ffa0 rw !x
eeprom           0x0000000000810000 0x0000000000010000 rw !x
fuse             0x0000000000820000 0x0000000000000002 rw !x
lock             0x0000000000830000 0x0000000000000400 rw !x
signature        0x0000000000840000 0x0000000000000400 rw !x
user_signatures  0x0000000000850000 0x0000000000000400 rw !x
*default*        0x0000000000000000 0xffffffffffffffff

Linker script and memory map

LOAD /usr/lib/gcc/avr/5.4.0/../../../avr/lib/avr4/crtatmega8.o
LOAD ./USART.o
LOAD ./comandos.o
LOAD ./gen_pulsos.o
LOAD ./inicio.o
LOAD ./main.o
START GROUP
LOAD /usr/lib/gcc/avr/5.4.0/avr4/libgcc.a
LOAD /usr/lib/gcc/avr/5.4.0/../../../avr/lib/avr4/libm.a
LOAD /usr/lib/gcc/avr/5.4.0/../../../avr/lib/avr4/libc.a
LOAD /usr/lib/gcc/avr/5.4.0/../../../avr/lib/avr4/libatmega8.a
END GROUP
                0x0000000000002000                __TEXT_REGION_LENGTH__ = DEFINED (__TEXT_REGION_LENGTH__)?__TEXT_REGION_LENGTH__:0x2000
                0x000000000000ffa0                __DATA_REGION_LENGTH__ = DEFINED (__DATA_REGION_LENGTH__)?__DATA_REGION_LENGTH__:0xffa0
                0x0000000000010000                __EEPROM_REGION_LENGTH__ = DEFINED (__EEPROM_REGION_LENGTH__)?__EEPROM_REGION_LENGTH__:0x10000
                [0x0000000000000002]                __FUSE_REGION_LENGTH__ = DEFINED (__FUSE_REGION_LENGTH__)?__FUSE_REGION_LENGTH__:0x400
                0x0000000000000400                __LOCK_REGION_LENGTH__ = DEFINED (__LOCK_REGION_LENGTH__)?__LOCK_REGION_LENGTH__:0x400
                0x0000000000000400                __SIGNATURE_REGION_LENGTH__ = DEFINED (__SIGNATURE_REGION_LENGTH__)?__SIGNATURE_REGION_LENGTH__:0x400
                0x0000000000000400                __USER_SIGNATURE_REGION_LENGTH__ = DEFINED (__USER_SIGNATURE_REGION_LENGTH__)?__USER_SIGNATURE_REGION_LENGTH__:0x400

.hash
 *(.hash)

.dynsym
 *(.dynsym)

.dynstr
 *(.dynstr)

.gnu.version
 *(.gnu.version)

.gnu.version_d
 *(.gnu.version_d)

.gnu.version_r
 *(.gnu.version_r)

.rel.init
 *(.rel.init)

.rela.init
 *(.rela.init)

.rel.text
 *(.rel.text)
 *(.rel.text.*)
 *(.rel.gnu.linkonce.t*)

.rela.text
 *(.rela.text)
 *(.rela.text.*)
 *(.rela.gnu.linkonce.t*)

.rel.fini
 *(.rel.fini)

.rela.fini
 *(.rela.fini)

.rel.rodata
 *(.rel.rodata)
 *(.rel.rodata.*)
 *(.rel.gnu.linkonce.r*)

.rela.rodata
 *(.rela.rodata)
 *(.rela.rodata.*)
 *(.rela.gnu.linkonce.r*)

.rel.data
 *(.rel.data)
 *(.rel.data.*)
 *(.rel.gnu.linkonce.d*)

.rela.data
 *(.rela.data)
 *(.rela.data.*)
 *(.rela.gnu.linkonce.d*)

.rel.ctors
 *(.rel.ctors)

.rela.ctors
 *(.rela.ctors)

.rel.dtors
 *(.rel.dtors)

.rela.dtors
 *(.rela.dtors)

.rel.got
 *(.rel.got)

.rela.got
 *(.rela.got)

.rel.bss
 *(.rel.bss)

.rela.bss
 *(.rela.bss)

.rel.plt
 *(.rel.plt)

.rela.plt
 *(.rela.plt)

.text           0x0000000000000000      0xb6c
 *(.vectors)
 .vectors       0x0000000000000000       0x26 /usr/lib/gcc/avr/5.4.0/../../../avr/lib/avr4/crtatmega8.o
                0x0000000000000000                __vectors
 *(.vectors)
 *(.progmem.gcc*)
 .progmem.gcc_sw_table.comandos
                0x0000000000000026       0x1e ./comandos.o
                0x0000000000000044                . = ALIGN (0x2)
                0x0000000000000044                __trampolines_start = .
 *(.trampolines)
 .trampolines   0x0000000000000044        0x0 linker stubs
 *(.trampolines*)
                0x0000000000000044                __trampolines_end = .
 *libprintf_flt.a:*(.progmem.data)
 *libc.a:*(.progmem.data)
 *(.progmem*)
                0x0000000000000044                . = ALIGN (0x2)
 *(.jumptables)
 *(.jumptables*)
 *(.lowtext)
 *(.lowtext*)
                0x0000000000000044                __ctors_start = .
 *(.ctors)
                0x0000000000000044                __ctors_end = .
                0x0000000000000044                __dtors_start = .
 *(.dtors)
                0x0000000000000044                __dtors_end = .
 SORT(*)(.ctors)
 SORT(*)(.dtors)
 *(.init0)
 .init0         0x0000000000000044        0x0 /usr/lib/gcc/avr/5.4.0/../../../avr/lib/avr4/crtatmega8.o
                0x0000000000000044                __init
 *(.init0)
 *(.init1)
 *(.init1)
 *(.init2)
 .init2         0x0000000000000044        0xc /usr/lib/gcc/avr/5.4.0/../../../avr/lib/avr4/crtatmega8.o
 *(.init2)
 *(.init3)
 *(.init3)
 *(.init4)
 .init4         0x0000000000000050       0x16 /usr/lib/gcc/avr/5.4.0/avr4/libgcc.a(_copy_data.o)
                0x0000000000000050                __do_copy_data
 .init4         0x0000000000000066       0x10 /usr/lib/gcc/avr/5.4.0/avr4/libgcc.a(_clear_bss.o)
                0x0000000000000066                __do_clear_bss
 *(.init4)
 *(.init5)
 *(.init5)
 *(.init6)
 *(.init6)
 *(.init7)
 *(.init7)
 *(.init8)
 *(.init8)
 *(.init9)
 .init9         0x0000000000000076        0x4 /usr/lib/gcc/avr/5.4.0/../../../avr/lib/avr4/crtatmega8.o
 *(.init9)
 *(.text)
 .text          0x000000000000007a        0x2 /usr/lib/gcc/avr/5.4.0/../../../avr/lib/avr4/crtatmega8.o
                0x000000000000007a                __vector_1
                0x000000000000007a                __vector_12
                0x000000000000007a                __bad_interrupt
                0x000000000000007a                __vector_6
                0x000000000000007a                __vector_3
                0x000000000000007a                __vector_13
                0x000000000000007a                __vector_17
                0x000000000000007a                __vector_7
                0x000000000000007a                __vector_5
                0x000000000000007a                __vector_2
                0x000000000000007a                __vector_15
                0x000000000000007a                __vector_8
                0x000000000000007a                __vector_14
                0x000000000000007a                __vector_10
                0x000000000000007a                __vector_16
                0x000000000000007a                __vector_18
 .text          0x000000000000007c        0x0 ./USART.o
 .text          0x000000000000007c        0x0 ./comandos.o
 .text          0x000000000000007c        0x0 ./gen_pulsos.o
 .text          0x000000000000007c        0x0 ./inicio.o
 .text          0x000000000000007c        0x0 ./main.o
 .text          0x000000000000007c        0x0 /usr/lib/gcc/avr/5.4.0/avr4/libgcc.a(_exit.o)
 .text          0x000000000000007c        0x0 /usr/lib/gcc/avr/5.4.0/avr4/libgcc.a(_copy_data.o)
 .text          0x000000000000007c        0x0 /usr/lib/gcc/avr/5.4.0/avr4/libgcc.a(_clear_bss.o)
 .text          0x000000000000007c        0x0 /usr/lib/gcc/avr/5.4.0/../../../avr/lib/avr4/libc.a(sprintf.o)
 .text          0x000000000000007c        0x0 /usr/lib/gcc/avr/5.4.0/../../../avr/lib/avr4/libc.a(vfprintf_std.o)
 .text          0x000000000000007c        0x0 /usr/lib/gcc/avr/5.4.0/../../../avr/lib/avr4/libc.a(strnlen_P.o)
 .text          0x000000000000007c        0x0 /usr/lib/gcc/avr/5.4.0/../../../avr/lib/avr4/libc.a(strnlen.o)
 .text          0x000000000000007c        0x0 /usr/lib/gcc/avr/5.4.0/../../../avr/lib/avr4/libc.a(fputc.o)
 .text          0x000000000000007c        0x0 /usr/lib/gcc/avr/5.4.0/../../../avr/lib/avr4/libc.a(ultoa_invert.o)
 .text          0x000000000000007c        0x0 /usr/lib/gcc/avr/5.4.0/avr4/libgcc.a(_prologue.o)
 .text          0x000000000000007c        0x0 /usr/lib/gcc/avr/5.4.0/avr4/libgcc.a(_epilogue.o)
                0x000000000000007c                . = ALIGN (0x2)
 *(.text.*)
 .text.Inicio_USART
                0x000000000000007c       0x16 ./USART.o
                0x000000000000007c                Inicio_USART
 .text.USART_Transmit
                0x0000000000000092        0x8 ./USART.o
                0x0000000000000092                USART_Transmit
 .text.USART_Receive
                0x000000000000009a        0x8 ./USART.o
                0x000000000000009a                USART_Receive
 .text.USART_Flush
                0x00000000000000a2       0x10 ./USART.o
                0x00000000000000a2                USART_Flush
 .text.Esperar_USART_O_TX
                0x00000000000000b2       0x12 ./USART.o
                0x00000000000000b2                Esperar_USART_O_TX
 .text.Transmitir_Buffer_USART0
                0x00000000000000c4       0x42 ./USART.o
                0x00000000000000c4                Transmitir_Buffer_USART0
 .text.comandos
                0x0000000000000106      0x20c ./comandos.o
                0x0000000000000106                comandos
 .text.gen_pulsos
                0x0000000000000312       0xdc ./gen_pulsos.o
                0x0000000000000312                gen_pulsos
 .text.Inicio_Puertos
                0x00000000000003ee       0x52 ./inicio.o
                0x00000000000003ee                Inicio_Puertos
 .text.Inicio_Timer0
                0x0000000000000440       0x12 ./inicio.o
                0x0000000000000440                Inicio_Timer0
 .text.Inicio_PWM
                0x0000000000000452       0x2a ./inicio.o
                0x0000000000000452                Inicio_PWM
 .text.Inicio_Timer2
                0x000000000000047c       0x12 ./inicio.o
                0x000000000000047c                Inicio_Timer2
 .text.startup.main
                0x000000000000048e       0x68 ./main.o
                0x000000000000048e                main
 .text.__vector_9
                0x00000000000004f6       0x36 ./main.o
                0x00000000000004f6                __vector_9
 .text.__vector_4
                0x000000000000052c       0x54 ./main.o
                0x000000000000052c                __vector_4
 .text.__vector_11
                0x0000000000000580       0x24 ./main.o
                0x0000000000000580                __vector_11
 .text.__vector_default
                0x00000000000005a4       0x14 ./main.o
                0x00000000000005a4                __vector_default
 .text.libgcc.mul
                0x00000000000005b8        0x0 /usr/lib/gcc/avr/5.4.0/avr4/libgcc.a(_exit.o)
 .text.libgcc.div
                0x00000000000005b8        0x0 /usr/lib/gcc/avr/5.4.0/avr4/libgcc.a(_exit.o)
 .text.libgcc   0x00000000000005b8        0x0 /usr/lib/gcc/avr/5.4.0/avr4/libgcc.a(_exit.o)
 .text.libgcc.prologue
                0x00000000000005b8        0x0 /usr/lib/gcc/avr/5.4.0/avr4/libgcc.a(_exit.o)
 .text.libgcc.builtins
                0x00000000000005b8        0x0 /usr/lib/gcc/avr/5.4.0/avr4/libgcc.a(_exit.o)
 .text.libgcc.fmul
                0x00000000000005b8        0x0 /usr/lib/gcc/avr/5.4.0/avr4/libgcc.a(_exit.o)
 .text.libgcc.fixed
                0x00000000000005b8        0x0 /usr/lib/gcc/avr/5.4.0/avr4/libgcc.a(_exit.o)
 .text.libgcc.mul
                0x00000000000005b8        0x0 /usr/lib/gcc/avr/5.4.0/avr4/libgcc.a(_copy_data.o)
 .text.libgcc.div
                0x00000000000005b8        0x0 /usr/lib/gcc/avr/5.4.0/avr4/libgcc.a(_copy_data.o)
 .text.libgcc   0x00000000000005b8        0x0 /usr/lib/gcc/avr/5.4.0/avr4/libgcc.a(_copy_data.o)
 .text.libgcc.prologue
                0x00000000000005b8        0x0 /usr/lib/gcc/avr/5.4.0/avr4/libgcc.a(_copy_data.o)
 .text.libgcc.builtins
                0x00000000000005b8        0x0 /usr/lib/gcc/avr/5.4.0/avr4/libgcc.a(_copy_data.o)
 .text.libgcc.fmul
                0x00000000000005b8        0x0 /usr/lib/gcc/avr/5.4.0/avr4/libgcc.a(_copy_data.o)
 .text.libgcc.fixed
                0x00000000000005b8        0x0 /usr/lib/gcc/avr/5.4.0/avr4/libgcc.a(_copy_data.o)
 .text.libgcc.mul
                0x00000000000005b8        0x0 /usr/lib/gcc/avr/5.4.0/avr4/libgcc.a(_clear_bss.o)
 .text.libgcc.div
                0x00000000000005b8        0x0 /usr/lib/gcc/avr/5.4.0/avr4/libgcc.a(_clear_bss.o)
 .text.libgcc   0x00000000000005b8        0x0 /usr/lib/gcc/avr/5.4.0/avr4/libgcc.a(_clear_bss.o)
 .text.libgcc.prologue
                0x00000000000005b8        0x0 /usr/lib/gcc/avr/5.4.0/avr4/libgcc.a(_clear_bss.o)
 .text.libgcc.builtins
                0x00000000000005b8        0x0 /usr/lib/gcc/avr/5.4.0/avr4/libgcc.a(_clear_bss.o)
 .text.libgcc.fmul
                0x00000000000005b8        0x0 /usr/lib/gcc/avr/5.4.0/avr4/libgcc.a(_clear_bss.o)
 .text.libgcc.fixed
                0x00000000000005b8        0x0 /usr/lib/gcc/avr/5.4.0/avr4/libgcc.a(_clear_bss.o)
 .text.avr-libc
                0x00000000000005b8       0x3e /usr/lib/gcc/avr/5.4.0/../../../avr/lib/avr4/libc.a(sprintf.o)
                0x00000000000005b8                sprintf
 .text.avr-libc
                0x00000000000005f6      0x3a4 /usr/lib/gcc/avr/5.4.0/../../../avr/lib/avr4/libc.a(vfprintf_std.o)
                0x00000000000005f6                vfprintf
 .text.avr-libc
                0x000000000000099a       0x16 /usr/lib/gcc/avr/5.4.0/../../../avr/lib/avr4/libc.a(strnlen_P.o)
                0x000000000000099a                strnlen_P
 .text.avr-libc
                0x00000000000009b0       0x16 /usr/lib/gcc/avr/5.4.0/../../../avr/lib/avr4/libc.a(strnlen.o)
                0x00000000000009b0                strnlen
 .text.avr-libc
                0x00000000000009c6       0x78 /usr/lib/gcc/avr/5.4.0/../../../avr/lib/avr4/libc.a(fputc.o)
                0x00000000000009c6                fputc
 .text.avr-libc
                0x0000000000000a3e       0xbc /usr/lib/gcc/avr/5.4.0/../../../avr/lib/avr4/libc.a(ultoa_invert.o)
                0x0000000000000a3e                __ultoa_invert
 .text.libgcc.mul
                0x0000000000000afa        0x0 /usr/lib/gcc/avr/5.4.0/avr4/libgcc.a(_prologue.o)
 .text.libgcc.div
                0x0000000000000afa        0x0 /usr/lib/gcc/avr/5.4.0/avr4/libgcc.a(_prologue.o)
 .text.libgcc   0x0000000000000afa        0x0 /usr/lib/gcc/avr/5.4.0/avr4/libgcc.a(_prologue.o)
 .text.libgcc.prologue
                0x0000000000000afa       0x38 /usr/lib/gcc/avr/5.4.0/avr4/libgcc.a(_prologue.o)
                0x0000000000000afa                __prologue_saves__
 .text.libgcc.builtins
                0x0000000000000b32        0x0 /usr/lib/gcc/avr/5.4.0/avr4/libgcc.a(_prologue.o)
 .text.libgcc.fmul
                0x0000000000000b32        0x0 /usr/lib/gcc/avr/5.4.0/avr4/libgcc.a(_prologue.o)
 .text.libgcc.fixed
                0x0000000000000b32        0x0 /usr/lib/gcc/avr/5.4.0/avr4/libgcc.a(_prologue.o)
 .text.libgcc.mul
                0x0000000000000b32        0x0 /usr/lib/gcc/avr/5.4.0/avr4/libgcc.a(_epilogue.o)
 .text.libgcc.div
                0x0000000000000b32        0x0 /usr/lib/gcc/avr/5.4.0/avr4/libgcc.a(_epilogue.o)
 .text.libgcc   0x0000000000000b32        0x0 /usr/lib/gcc/avr/5.4.0/avr4/libgcc.a(_epilogue.o)
 .text.libgcc.prologue
                0x0000000000000b32       0x36 /usr/lib/gcc/avr/5.4.0/avr4/libgcc.a(_epilogue.o)
                0x0000000000000b32                __epilogue_restores__
 .text.libgcc.builtins
                0x0000000000000b68        0x0 /usr/lib/gcc/avr/5.4.0/avr4/libgcc.a(_epilogue.o)
 .text.libgcc.fmul
                0x0000000000000b68        0x0 /usr/lib/gcc/avr/5.4.0/avr4/libgcc.a(_epilogue.o)
 .text.libgcc.fixed
                0x0000000000000b68        0x0 /usr/lib/gcc/avr/5.4.0/avr4/libgcc.a(_epilogue.o)
                0x0000000000000b68                . = ALIGN (0x2)
 *(.fini9)
 .fini9         0x0000000000000b68        0x0 /usr/lib/gcc/avr/5.4.0/avr4/libgcc.a(_exit.o)
                0x0000000000000b68                exit
                0x0000000000000b68                _exit
 *(.fini9)
 *(.fini8)
 *(.fini8)
 *(.fini7)
 *(.fini7)
 *(.fini6)
 *(.fini6)
 *(.fini5)
 *(.fini5)
 *(.fini4)
 *(.fini4)
 *(.fini3)
 *(.fini3)
 *(.fini2)
 *(.fini2)
 *(.fini1)
 *(.fini1)
 *(.fini0)
 .fini0         0x0000000000000b68        0x4 /usr/lib/gcc/avr/5.4.0/avr4/libgcc.a(_exit.o)
 *(.fini0)
                0x0000000000000b6c                _etext = .

.data           0x0000000000800060       0x14 load address 0x0000000000000b6c
                0x0000000000800060                PROVIDE (__data_start, .)
 *(.data)
 .data          0x0000000000800060        0x0 /usr/lib/gcc/avr/5.4.0/../../../avr/lib/avr4/crtatmega8.o
 .data          0x0000000000800060        0x0 ./USART.o
 .data          0x0000000000800060        0x0 ./comandos.o
 .data          0x0000000000800060        0x0 ./gen_pulsos.o
 .data          0x0000000000800060        0x0 ./inicio.o
 .data          0x0000000000800060        0x0 ./main.o
 .data          0x0000000000800060        0x0 /usr/lib/gcc/avr/5.4.0/avr4/libgcc.a(_exit.o)
 .data          0x0000000000800060        0x0 /usr/lib/gcc/avr/5.4.0/avr4/libgcc.a(_copy_data.o)
 .data          0x0000000000800060        0x0 /usr/lib/gcc/avr/5.4.0/avr4/libgcc.a(_clear_bss.o)
 .data          0x0000000000800060        0x0 /usr/lib/gcc/avr/5.4.0/../../../avr/lib/avr4/libc.a(sprintf.o)
 .data          0x0000000000800060        0x0 /usr/lib/gcc/avr/5.4.0/../../../avr/lib/avr4/libc.a(vfprintf_std.o)
 .data          0x0000000000800060        0x0 /usr/lib/gcc/avr/5.4.0/../../../avr/lib/avr4/libc.a(strnlen_P.o)
 .data          0x0000000000800060        0x0 /usr/lib/gcc/avr/5.4.0/../../../avr/lib/avr4/libc.a(strnlen.o)
 .data          0x0000000000800060        0x0 /usr/lib/gcc/avr/5.4.0/../../../avr/lib/avr4/libc.a(fputc.o)
 .data          0x0000000000800060        0x0 /usr/lib/gcc/avr/5.4.0/../../../avr/lib/avr4/libc.a(ultoa_invert.o)
 .data          0x0000000000800060        0x0 /usr/lib/gcc/avr/5.4.0/avr4/libgcc.a(_prologue.o)
 .data          0x0000000000800060        0x0 /usr/lib/gcc/avr/5.4.0/avr4/libgcc.a(_epilogue.o)
 *(.data*)
 *(.rodata)
 *(.rodata*)
 .rodata.str1.1
                0x0000000000800060       0x14 ./comandos.o
 *(.gnu.linkonce.d*)
                0x0000000000800074                . = ALIGN (0x2)
                0x0000000000800074                _edata = .
                0x0000000000800074                PROVIDE (__data_end, .)

.bss            0x0000000000800074       0x70
                0x0000000000800074                PROVIDE (__bss_start, .)
 *(.bss)
 .bss           0x0000000000800074        0x0 /usr/lib/gcc/avr/5.4.0/../../../avr/lib/avr4/crtatmega8.o
 .bss           0x0000000000800074        0x0 ./USART.o
 .bss           0x0000000000800074        0x0 ./comandos.o
 .bss           0x0000000000800074        0x0 ./gen_pulsos.o
 .bss           0x0000000000800074        0x0 ./inicio.o
 .bss           0x0000000000800074        0x0 ./main.o
 .bss           0x0000000000800074        0x0 /usr/lib/gcc/avr/5.4.0/avr4/libgcc.a(_exit.o)
 .bss           0x0000000000800074        0x0 /usr/lib/gcc/avr/5.4.0/avr4/libgcc.a(_copy_data.o)
 .bss           0x0000000000800074        0x0 /usr/lib/gcc/avr/5.4.0/avr4/libgcc.a(_clear_bss.o)
 .bss           0x0000000000800074        0x0 /usr/lib/gcc/avr/5.4.0/../../../avr/lib/avr4/libc.a(sprintf.o)
 .bss           0x0000000000800074        0x0 /usr/lib/gcc/avr/5.4.0/../../../avr/lib/avr4/libc.a(vfprintf_std.o)
 .bss           0x0000000000800074        0x0 /usr/lib/gcc/avr/5.4.0/../../../avr/lib/avr4/libc.a(strnlen_P.o)
 .bss           0x0000000000800074        0x0 /usr/lib/gcc/avr/5.4.0/../../../avr/lib/avr4/libc.a(strnlen.o)
 .bss           0x0000000000800074        0x0 /usr/lib/gcc/avr/5.4.0/../../../avr/lib/avr4/libc.a(fputc.o)
 .bss           0x0000000000800074        0x0 /usr/lib/gcc/avr/5.4.0/../../../avr/lib/avr4/libc.a(ultoa_invert.o)
 .bss           0x0000000000800074        0x0 /usr/lib/gcc/avr/5.4.0/avr4/libgcc.a(_prologue.o)
 .bss           0x0000000000800074        0x0 /usr/lib/gcc/avr/5.4.0/avr4/libgcc.a(_epilogue.o)
 *(.bss*)
 *(COMMON)
 COMMON         0x0000000000800074       0x4c ./USART.o
                0x0000000000800074                uContTimeoutEsperaUSART0
                0x0000000000800076                uchEstaDOR0ecepcionUSART0
                0x0000000000800077                chBUFFERx_USART0
                0x0000000000800095                uchEstadoBUFFERx_USART0
                0x0000000000800096                uchContAuxTx_USART0
                0x0000000000800097                uContTimeoutLecturaRxUSART0
                0x0000000000800099                uContTimeoutRxUSART0
                0x000000000080009b                uchEstadoBUFFERTx_USART0
                0x000000000080009c                uContTimeoutTxUSART0
                0x000000000080009e                uContTimeoutUSART0
                0x00000000008000a0                uchContAuxRx_USART0
                0x00000000008000a1                uchEstadoTransmisionUSART0
                0x00000000008000a2                chBufferTx_USART0
 COMMON         0x00000000008000c0       0x16 ./comandos.o
                0x00000000008000c0                fl_caracter_recibido
                0x00000000008000c1                texto_usart
                0x00000000008000d5                caracter_uart
 COMMON         0x00000000008000d6        0xb ./gen_pulsos.o
                0x00000000008000d6                Duty_directo
                0x00000000008000d7                cont_muerto_a
                0x00000000008000d8                t_inverso
                0x00000000008000d9                t_directo
                0x00000000008000da                Duty_inverso
                0x00000000008000db                cont_muerto_b
                0x00000000008000dc                cont_directo
                0x00000000008000dd                t_muerto_b
                0x00000000008000de                estado_gen_pulsos
                0x00000000008000df                cont_inverso
                0x00000000008000e0                t_muerto_a
 COMMON         0x00000000008000e1        0x3 ./main.o
                0x00000000008000e1                contador_comando
                0x00000000008000e2                valor_comando
                0x00000000008000e3                id_comando
                0x00000000008000e4                PROVIDE (__bss_end, .)
                0x0000000000000b6c                __data_load_start = LOADADDR (.data)
                0x0000000000000b80                __data_load_end = (__data_load_start + SIZEOF (.data))

.noinit         0x00000000008000e4        0x0
                [!provide]                        PROVIDE (__noinit_start, .)
 *(.noinit*)
                [!provide]                        PROVIDE (__noinit_end, .)
                0x00000000008000e4                _end = .
                [!provide]                        PROVIDE (__heap_start, .)

.eeprom         0x0000000000810000        0x0
 *(.eeprom*)
                0x0000000000810000                __eeprom_end = .

.fuse
 *(.fuse)
 *(.lfuse)
 *(.hfuse)
 *(.efuse)

.lock
 *(.lock*)

.signature
 *(.signature*)

.user_signatures
 *(.user_signatures*)

.stab
 *(.stab)

.stabstr
 *(.stabstr)

.stab.excl
 *(.stab.excl)

.stab.exclstr
 *(.stab.exclstr)

.stab.index
 *(.stab.index)

.stab.indexstr
 *(.stab.indexstr)

.comment        0x0000000000000000       0x11
 *(.comment)
 .comment       0x0000000000000000       0x11 ./USART.o
                                         0x12 (size before relaxing)
 .comment       0x0000000000000011       0x12 ./comandos.o
 .comment       0x0000000000000011       0x12 ./gen_pulsos.o
 .comment       0x0000000000000011       0x12 ./inicio.o
 .comment       0x0000000000000011       0x12 ./main.o
 .comment       0x0000000000000011       0x12 /usr/lib/gcc/avr/5.4.0/../../../avr/lib/avr4/libc.a(sprintf.o)
 .comment       0x0000000000000011       0x12 /usr/lib/gcc/avr/5.4.0/../../../avr/lib/avr4/libc.a(vfprintf_std.o)
 .comment       0x0000000000000011       0x12 /usr/lib/gcc/avr/5.4.0/../../../avr/lib/avr4/libc.a(fputc.o)

.note.gnu.avr.deviceinfo
                0x0000000000000000       0x3c
 .note.gnu.avr.deviceinfo
                0x0000000000000000       0x3c /usr/lib/gcc/avr/5.4.0/../../../avr/lib/avr4/crtatmega8.o

.avr.prop       0x0000000000000000       0x1f
 .avr.prop      0x0000000000000000       0x1f ./comandos.o

.note.gnu.build-id
 *(.note.gnu.build-id)

.debug
 *(.debug)

.line
 *(.line)

.debug_srcinfo
 *(.debug_srcinfo)

.debug_sfnames
 *(.debug_sfnames)

.debug_aranges
 *(.debug_aranges)

.debug_pubnames
 *(.debug_pubnames)

.debug_info     0x0000000000000000      0x48c
 *(.debug_info .gnu.linkonce.wi.*)
 .debug_info    0x0000000000000000      0x48c /usr/lib/gcc/avr/5.4.0/../../../avr/lib/avr4/crtatmega8.o

.debug_abbrev   0x0000000000000000      0x44e
 *(.debug_abbrev)
 .debug_abbrev  0x0000000000000000      0x44e /usr/lib/gcc/avr/5.4.0/../../../avr/lib/avr4/crtatmega8.o

.debug_line     0x0000000000000000       0x1a
 *(.debug_line .debug_line.* .debug_line_end)
 .debug_line    0x0000000000000000       0x1a /usr/lib/gcc/avr/5.4.0/../../../avr/lib/avr4/crtatmega8.o

.debug_frame
 *(.debug_frame)

.debug_str      0x0000000000000000      0x17a
 *(.debug_str)
 .debug_str     0x0000000000000000      0x17a /usr/lib/gcc/avr/5.4.0/../../../avr/lib/avr4/crtatmega8.o

.debug_loc
 *(.debug_loc)

.debug_macinfo
 *(.debug_macinfo)

.debug_weaknames
 *(.debug_weaknames)

.debug_funcnames
 *(.debug_funcnames)

.debug_typenames
 *(.debug_typenames)

.debug_varnames
 *(.debug_varnames)

.debug_pubtypes
 *(.debug_pubtypes)

.debug_ranges
 *(.debug_ranges)

.debug_macro
 *(.debug_macro)
OUTPUT(PTH-ATMEGA8.elf elf32-avr)
LOAD linker stubs
